Microchip MPLAB XC8 Compiler V2.32

Linker command line:

-W-3 --edf=C:\Program Files\Microchip\xc8\v2.32\pic\dat\en_msgs.txt -cn \
  -h+dist/default/production\ioboard_pq.production.sym \
  --cmf=dist/default/production\ioboard_pq.production.cmf -z -Q18F4520 \
  -oC:\Users\Usuario\AppData\Local\Temp\xcAsb7k.4 --defsym=__MPLAB_BUILD=1 \
  -Mdist/default/production/ioboard_pq.production.map -E1 -ver=XC8 Compiler \
  --acfsm=1493 -ASTACK=0273h-05FFh -pstack=STACK -ACODE=00h-07FFFh \
  -ACONST=00h-07FFFh -ASMALLCONST=0600h-06FFhx122 \
  -AMEDIUMCONST=0600h-07FFFh -ACOMRAM=01h-07Fh -AABS1=00h-05FFh \
  -ABIGRAM=01h-05FFh -ARAM=080h-0FFh,0100h-01FFhx5 -ABANK0=080h-0FFh \
  -ABANK1=0100h-01FFh -ABANK2=0200h-02FFh -ABANK3=0300h-03FFh \
  -ABANK4=0400h-04FFh -ABANK5=0500h-05FFh -ASFR=0F80h-0FFFh \
  -ACONFIG=0300000h-030000Dh -AIDLOC=0200000h-0200007h \
  -AEEDATA=0F00000h-0F000FFh -peeprom_data=EEDATA \
  -preset_vec=00h,intcode=08h,intcodelo,powerup,init -pramtop=0600h \
  -psmallconst=SMALLCONST -pmediumconst=MEDIUMCONST -pconst=CONST \
  -AFARRAM=00h-00h \
  -prdata=COMRAM,nvrram=COMRAM,nvbit=COMRAM,rbss=COMRAM,rbit=COMRAM \
  -pfarbss=FARRAM,fardata=FARRAM,nvFARRAM=FARRAM \
  -pintsave_regs=BIGRAM,bigbss=BIGRAM,bigdata=BIGRAM -pbss=RAM \
  -pidata=CODE,irdata=CODE,ibigdata=CODE,ifardata=CODE -prparam=COMRAM \
  C:\Users\Usuario\AppData\Local\Temp\xcAsb7k.o \
  dist/default/production\ioboard_pq.production.o 

Object code version is 3.11

Machine type is 18F4520



                Name                               Link     Load   Length Selector   Space Scale
C:\Users\Usuario\AppData\Local\Temp\xcAsb7k.o
                idloc                            200000   200000        8        0       5
                config                           300000   300000        E        0       4
                init                                  E        E        4        4       0
                reset_vec                             0        0        4        0       0
dist/default/production\ioboard_pq.production.o
                intcode                               8        8        6        4       0
                idloc                            200000   200000        8        0       5
                config                           300000   300000        E        0       4
                temp                                 7F       7F        1        1       1
                mediumconst                        7E3A     7E3A      1C6     3F1D       0
                text28                             2E98     2E98       26     15E5       0
                text27                             2E2A     2E2A       38     15E5       0
                text26                             2CE8     2CE8       52     15E5       0
                text25                             22AC     22AC      190        4       0
                text24                             2544     2544       F0        4       0
                text23                             2634     2634       D0        4       0
                text22                             2EC4     2EC4        2     1762       0
                text21                             27D4     27D4       CA     13EA       0
                text20                             2D3A     2D3A       44     15E5       0
                text19                             2E62     2E62       36     15E5       0
                text18                             289E     289E       C6     13EA       0
                text17                             1EF0     1EF0      204        4       0
                text16                             2D7E     2D7E       3C     15E5       0
                text15                             2DF2     2DF2       38     15E5       0
                text14                             2DBA     2DBA       38     15E5       0
                text13                             2C8A     2C8A       5E     15E5       0
                text12                             1C16     1C16      2DA        4       0
                text11                             1442     1442      438        4       0
                text10                             2BCA     2BCA       62     15E5       0
                text9                              2C2C     2C2C       5E     15E5       0
                text8                              2AF0     2AF0       6E     13EA       0
                intcode_body                        90A      90A      676        4       0
                text6                              2A80     2A80       70     13EA       0
                text5                               F80      F80      4C2        4       0
                text4                              187A     187A      39C        4       0
                text3                              243C     243C      108        4       0
                text2                              20F4     20F4      1B8        4       0
                text1                              2964     2964       96     13EA       0
                text0                                12       12      8F8        4       0
                cstackCOMRAM                          1        1       7E        1       1
                cstackBANK0                          80       80       45       80       1
                dataBANK2                           200      200       6B      200       1
                dataBANK1                           100      100       CF      100       1
                bssBANK1                            1CF      1CF       20      100       1
                dataBANK0                            FA       FA        5       80       1
                bssBANK0                             C5       C5       2D       80       1
                cinit                              29FA     29FA       86     13EA       0
                nvBANK2                             26B      26B        8      200       1
                nvBANK1                             1EF      1EF       10      100       1
                nvBANK0                              F2       F2        8       80       1
                idataBANK2                         2B5E     2B5E       6B     13EA       0
                idataBANK1                         2704     2704       CF        4       0
                idataBANK0                         2EBE     2EBE        5     15E5       0

TOTAL           Name                               Link     Load   Length     Space
        CLASS   STACK          

        CLASS   CODE           
                intcode                               8        8        6         0
                init                                  E        E        4         0
                reset_vec                             0        0        4         0
                text28                             2E98     2E98       26         0
                text27                             2E2A     2E2A       38         0
                text26                             2CE8     2CE8       52         0
                text25                             22AC     22AC      190         0
                text24                             2544     2544       F0         0
                text23                             2634     2634       D0         0
                text22                             2EC4     2EC4        2         0
                text21                             27D4     27D4       CA         0
                text20                             2D3A     2D3A       44         0
                text19                             2E62     2E62       36         0
                text18                             289E     289E       C6         0
                text17                             1EF0     1EF0      204         0
                text16                             2D7E     2D7E       3C         0
                text15                             2DF2     2DF2       38         0
                text14                             2DBA     2DBA       38         0
                text13                             2C8A     2C8A       5E         0
                text12                             1C16     1C16      2DA         0
                text11                             1442     1442      438         0
                text10                             2BCA     2BCA       62         0
                text9                              2C2C     2C2C       5E         0
                text8                              2AF0     2AF0       6E         0
                intcode_body                        90A      90A      676         0
                text6                              2A80     2A80       70         0
                text5                               F80      F80      4C2         0
                text4                              187A     187A      39C         0
                text3                              243C     243C      108         0
                text2                              20F4     20F4      1B8         0
                text1                              2964     2964       96         0
                text0                                12       12      8F8         0
                cinit                              29FA     29FA       86         0
                idataBANK2                         2B5E     2B5E       6B         0
                idataBANK1                         2704     2704       CF         0
                idataBANK0                         2EBE     2EBE        5         0

        CLASS   CONST          

        CLASS   SMALLCONST     

        CLASS   MEDIUMCONST    
                mediumconst                        7E3A     7E3A      1C6         0

        CLASS   COMRAM         
                temp                                 7F       7F        1         1
                cstackCOMRAM                          1        1       7E         1

        CLASS   ABS1           

        CLASS   BIGRAM         

        CLASS   RAM            

        CLASS   BANK0          
                cstackBANK0                          80       80       45         1
                dataBANK0                            FA       FA        5         1
                bssBANK0                             C5       C5       2D         1
                nvBANK0                              F2       F2        8         1

        CLASS   BANK1          
                dataBANK1                           100      100       CF         1
                bssBANK1                            1CF      1CF       20         1
                nvBANK1                             1EF      1EF       10         1

        CLASS   BANK2          
                dataBANK2                           200      200       6B         1
                nvBANK2                             26B      26B        8         1

        CLASS   BANK3          

        CLASS   BANK4          

        CLASS   BANK5          

        CLASS   SFR            

        CLASS   CONFIG         
                config                           300000   300000        E         4

        CLASS   IDLOC          
                idloc                            200000   200000        8         5

        CLASS   EEDATA         

        CLASS   FARRAM         



SEGMENTS        Name                           Load    Length   Top    Selector   Space  Class

                reset_vec                      000000  000004  000004         0       0  CODE    
                cstackCOMRAM                   000001  00007F  000080         1       1  COMRAM  
                intcode                        000008  0027CB  0027D3         4       0  CODE    
                cstackBANK0                    000080  00007F  0000FF        80       1  BANK0   
                dataBANK1                      000100  0000FF  0001FF       100       1  BANK1   
                dataBANK2                      000200  000073  000273       200       1  BANK2   
                text21                         0027D4  0003F5  002BC9      13EA       0  CODE    
                text10                         002BCA  0002F9  002EC3      15E5       0  CODE    
                text22                         002EC4  000002  002EC6      1762       0  CODE    
                mediumconst                    007E3A  0001C6  008000      3F1D       0  MEDIUMCO


UNUSED ADDRESS RANGES

        Name                Unused          Largest block    Delta
        BANK0            0000FF-0000FF                1
        BANK1            0001FF-0001FF                1
        BANK2            000273-0002FF               8D
        BANK3            000300-0003FF              100
        BANK4            000400-0004FF              100
        BANK5            000500-0005FF              100
        BIGRAM           0000FF-0000FF                1
                         0001FF-0001FF                1
                         000273-0005FF              38D
        CODE             000004-000007                4
                         0027D3-0027D3                1
                         002BC9-002BC9                1
                         002EC3-002EC3                1
                         002EC6-007E39             4F74
        CONST            000004-000007                4
                         0027D3-0027D3                1
                         002BC9-002BC9                1
                         002EC3-002EC3                1
                         002EC6-007E39             4F74
        EEDATA           F00000-F000FF              100
        MEDIUMCONST      0027D3-0027D3                1
                         002BC9-002BC9                1
                         002EC3-002EC3                1
                         002EC6-007E39             4F74
        RAM              0000FF-0000FF                1
                         0001FF-0001FF                1
                         000273-0005FF              100
        SFR              000F80-000FFF               80
        SMALLCONST       0027D3-0027D3                1
                         002BC9-002BC9                1
                         002EC3-002EC3                1
                         002EC6-007E39              100
        STACK            000273-0005FF              38D

                                  Symbol Table

?___fladd                  cstackBANK0  0000A7
?___fldiv                  cstackBANK0  00008E
?___fltol                  cstackBANK0  000080
?___lodiv                  cstackCOMRAM 000001
?___lomod                  cstackCOMRAM 000001
?___wmul                   cstackCOMRAM 000001
?___xxtofl                 cstackBANK0  000080
?_atoi                     cstackCOMRAM 000008
?_isalpha                  cstackCOMRAM 000001
?_isdigit                  cstackCOMRAM 000001
?_islower                  cstackCOMRAM 000001
?_isspace                  cstackCOMRAM 000001
?_isupper                  cstackCOMRAM 000001
?_pad                      cstackCOMRAM 000011
?_sprintf                  cstackCOMRAM 000062
?_strlen                   cstackCOMRAM 000001
?_toupper                  cstackCOMRAM 000007
?_utoa                     cstackCOMRAM 00001C
?_vfpfcnvrt                cstackCOMRAM 000043
?_vfprintf                 cstackCOMRAM 00005A
?_xtoa                     cstackCOMRAM 00001C
USART_EnviaMsg@letraout    cstackBANK0  000082
USART_EnviaMsg@msgout      cstackBANK0  000080
USART_Init@baud_rate       cstackBANK0  0000B7
USART_Init@temp            cstackBANK0  0000BB
_ADCON1                    (abs)        000FC1
_CRLF                      dataBANK0    0000FC
_Counter                   bssBANK0     0000E1
_DelaySensor               dataBANK0    0000FA
_EstadoAprobacionBolsa     bssBANK0     0000DD
_GIE                       (abs)        007F97
_J1                        nvBANK1      0001FD
_J10                       nvBANK2      000271
_J11                       nvBANK2      00026F
_J12                       nvBANK2      00026D
_J13                       nvBANK0      0000F2
_J14                       nvBANK2      00026B
_J2                        nvBANK1      0001FB
_J3                        nvBANK1      0001F9
_J4                        nvBANK1      0001F7
_J5                        nvBANK1      0001F5
_J6                        nvBANK0      0000F6
_J7                        nvBANK1      0001F3
_J8                        nvBANK0      0000F4
_J9                        nvBANK1      0001F1
_LATA0                     (abs)        007C48
_LATA1                     (abs)        007C49
_LATA2                     (abs)        007C4A
_LATA3                     (abs)        007C4B
_LATA4                     (abs)        007C4C
_LATA5                     (abs)        007C4D
_LATC1                     (abs)        007C59
_LATC2                     (abs)        007C5A
_LATE0                     (abs)        007C68
_LATE1                     (abs)        007C69
_LATE2                     (abs)        007C6A
_ModoTrabajo               bssBANK0     0000D3
_MsgAyuda                  dataBANK2    000200
_MsgCritical_0             dataBANK1    000143
_MsgCritical_1             dataBANK1    000122
_MsgCritical_2             dataBANK1    000164
_MsgCritical_3             dataBANK1    000100
_MsgPersonalidad1          dataBANK1    0001A1
_MsgPersonalidad2          dataBANK1    000184
_MsgVersion                dataBANK1    0001BB
_OSCCON                    (abs)        000FD3
_PEIE                      (abs)        007F96
_PIE1bits                  (abs)        000F9D
_PIR1bits                  (abs)        000F9E
_PORTBbits                 (abs)        000F81
_PORTDbits                 (abs)        000F83
_PR2                       (abs)        000FCB
_PuertaAbierta             bssBANK0     0000DF
_PulsoArriba               bssBANK0     0000DB
_PulsoArribaBuzzer         bssBANK0     0000D7
_RCIE                      (abs)        007CED
_RCIF                      (abs)        007CF5
_RCREG                     (abs)        000FAE
_RCSTA                     (abs)        000FAB
_SPBRG                     (abs)        000FAF
_StartUp                   nvBANK1      0001EF
_T0CON                     (abs)        000FD5
_T1CON                     (abs)        000FCD
_T2CON                     (abs)        000FCA
_TMR0H                     (abs)        000FD7
_TMR0IE                    (abs)        007F95
_TMR0IF                    (abs)        007F92
_TMR0L                     (abs)        000FD6
_TMR1H                     (abs)        000FCF
_TMR1IE                    (abs)        007CE8
_TMR1IF                    (abs)        007CF0
_TMR1L                     (abs)        000FCE
_TMR2IE                    (abs)        007CE9
_TMR2IF                    (abs)        007CF1
_TRISA                     (abs)        000F92
_TRISB                     (abs)        000F93
_TRISC                     (abs)        000F94
_TRISD                     (abs)        000F95
_TRISE                     (abs)        000F96
_TXIF                      (abs)        007CF4
_TXREG                     (abs)        000FAD
_TXSTA                     (abs)        000FAC
_Tiempo0                   bssBANK0     0000D1
_Tiempo1                   bssBANK0     0000CF
_Tiempo2                   bssBANK0     0000CD
_TiempoPulso               bssBANK0     0000D9
_TiempoPulsoBuzzer         bssBANK0     0000D5
_USART_EnviaMsg            text6        002A80
_USART_Init                text1        002964
_ValorBag                  nvBANK0      0000F8
_ValorBagSensor            bssBANK0     0000E5
_ValorBagStatus            bssBANK0     0000E3
_ValorStateE               bssBANK0     0000EB
_ValorStateLock            bssBANK0     0000E7
_ValorStateShutter         bssBANK0     0000E9
__HRAM                     (abs)        000000
__Habs1                    abs1         000000
__Hbank0                   bank0        000000
__Hbank1                   bank1        000000
__Hbank2                   bank2        000000
__Hbank3                   bank3        000000
__Hbank4                   bank4        000000
__Hbank5                   bank5        000000
__Hbigbss                  bigbss       000000
__Hbigdata                 bigdata      000000
__Hbigram                  bigram       000000
__Hbss                     bss          000000
__HbssBANK0                bssBANK0     000000
__HbssBANK1                bssBANK1     000000
__Hcinit                   cinit        000000
__Hclrtext                 clrtext      000000
__Hcomram                  comram       000000
__Hconfig                  config       30000E
__Hconst                   const        000000
__HcstackBANK0             cstackBANK0  000000
__HcstackCOMRAM            cstackCOMRAM 000000
__Hdata                    data         000000
__HdataBANK0               dataBANK0    000000
__HdataBANK1               dataBANK1    000000
__HdataBANK2               dataBANK2    000000
__Heeprom_data             eeprom_data  000000
__Hfarbss                  farbss       000000
__Hfardata                 fardata      000000
__Hibigdata                ibigdata     000000
__Hidata                   idata        000000
__HidataBANK0              idataBANK0   000000
__HidataBANK1              idataBANK1   000000
__HidataBANK2              idataBANK2   000000
__Hidloc                   idloc        200008
__Hifardata                ifardata     000000
__Hinit                    init         000012
__Hintcode                 intcode      00000E
__Hintcode_body            intcode_body 000000
__Hintcodelo               intcodelo    00000E
__Hintentry                intentry     000000
__Hintret                  intret       000000
__Hintsave_regs            intsave_regs 000000
__Hirdata                  irdata       000000
__Hmediumconst             mediumconst  008000
__HnvBANK0                 nvBANK0      000000
__HnvBANK1                 nvBANK1      000000
__HnvBANK2                 nvBANK2      000000
__HnvFARRAM                nvFARRAM     000000
__Hnvbit                   nvbit        000000
__Hnvrram                  nvrram       000000
__Hparam                   rparam       000000
__Hpowerup                 powerup      00000E
__Hram                     ram          000000
__Hramtop                  ramtop       000600
__Hrbit                    rbit         000000
__Hrbss                    rbss         000000
__Hrdata                   rdata        000000
__Hreset_vec               reset_vec    000004
__Hrparam                  rparam       000000
__Hsfr                     sfr          000000
__Hsmallconst              smallconst   000000
__Hspace_0                 (abs)        008000
__Hspace_1                 (abs)        000273
__Hspace_2                 (abs)        000000
__Hspace_4                 (abs)        60000E
__Hstack                   stack        000000
__Hstruct                  struct       000000
__Htemp                    temp         000080
__Htext                    text         000000
__Htext0                   text0        000000
__Htext1                   text1        000000
__Htext10                  text10       000000
__Htext11                  text11       000000
__Htext12                  text12       000000
__Htext13                  text13       000000
__Htext14                  text14       000000
__Htext15                  text15       000000
__Htext16                  text16       000000
__Htext17                  text17       000000
__Htext18                  text18       000000
__Htext19                  text19       000000
__Htext2                   text2        000000
__Htext20                  text20       000000
__Htext21                  text21       000000
__Htext22                  text22       000000
__Htext23                  text23       000000
__Htext24                  text24       000000
__Htext25                  text25       000000
__Htext26                  text26       000000
__Htext27                  text27       000000
__Htext28                  text28       000000
__Htext3                   text3        000000
__Htext4                   text4        000000
__Htext5                   text5        000000
__Htext6                   text6        000000
__Htext8                   text8        000000
__Htext9                   text9        000000
__LRAM                     (abs)        000001
__Labs1                    abs1         000000
__Lbank0                   bank0        000000
__Lbank1                   bank1        000000
__Lbank2                   bank2        000000
__Lbank3                   bank3        000000
__Lbank4                   bank4        000000
__Lbank5                   bank5        000000
__Lbigbss                  bigbss       000000
__Lbigdata                 bigdata      000000
__Lbigram                  bigram       000000
__Lbss                     bss          000000
__LbssBANK0                bssBANK0     000000
__LbssBANK1                bssBANK1     000000
__Lcinit                   cinit        000000
__Lclrtext                 clrtext      000000
__Lcomram                  comram       000000
__Lconfig                  config       000000
__Lconst                   const        000000
__LcstackBANK0             cstackBANK0  000000
__LcstackCOMRAM            cstackCOMRAM 000000
__Ldata                    data         000000
__LdataBANK0               dataBANK0    000000
__LdataBANK1               dataBANK1    000000
__LdataBANK2               dataBANK2    000000
__Leeprom_data             eeprom_data  000000
__Lfarbss                  farbss       000000
__Lfardata                 fardata      000000
__Libigdata                ibigdata     000000
__Lidata                   idata        000000
__LidataBANK0              idataBANK0   000000
__LidataBANK1              idataBANK1   000000
__LidataBANK2              idataBANK2   000000
__Lidloc                   idloc        000000
__Lifardata                ifardata     000000
__Linit                    init         00000E
__Lintcode                 intcode      000008
__Lintcode_body            intcode_body 000000
__Lintcodelo               intcodelo    00000E
__Lintentry                intentry     000000
__Lintret                  intret       000000
__Lintsave_regs            intsave_regs 000000
__Lirdata                  irdata       000000
__Lmediumconst             mediumconst  007E3A
__LnvBANK0                 nvBANK0      000000
__LnvBANK1                 nvBANK1      000000
__LnvBANK2                 nvBANK2      000000
__LnvFARRAM                nvFARRAM     000000
__Lnvbit                   nvbit        000000
__Lnvrram                  nvrram       000000
__Lparam                   rparam       000000
__Lpowerup                 powerup      00000E
__Lram                     ram          000000
__Lramtop                  ramtop       000600
__Lrbit                    rbit         000000
__Lrbss                    rbss         000000
__Lrdata                   rdata        000000
__Lreset_vec               reset_vec    000000
__Lrparam                  rparam       000000
__Lsfr                     sfr          000000
__Lsmallconst              smallconst   000000
__Lspace_0                 (abs)        000000
__Lspace_1                 (abs)        000000
__Lspace_2                 (abs)        000000
__Lspace_4                 (abs)        000000
__Lstack                   stack        000000
__Lstruct                  struct       000000
__Ltemp                    temp         00007F
__Ltext                    text         000000
__Ltext0                   text0        000000
__Ltext1                   text1        000000
__Ltext10                  text10       000000
__Ltext11                  text11       000000
__Ltext12                  text12       000000
__Ltext13                  text13       000000
__Ltext14                  text14       000000
__Ltext15                  text15       000000
__Ltext16                  text16       000000
__Ltext17                  text17       000000
__Ltext18                  text18       000000
__Ltext19                  text19       000000
__Ltext2                   text2        000000
__Ltext20                  text20       000000
__Ltext21                  text21       000000
__Ltext22                  text22       000000
__Ltext23                  text23       000000
__Ltext24                  text24       000000
__Ltext25                  text25       000000
__Ltext26                  text26       000000
__Ltext27                  text27       000000
__Ltext28                  text28       000000
__Ltext3                   text3        000000
__Ltext4                   text4        000000
__Ltext5                   text5        000000
__Ltext6                   text6        000000
__Ltext8                   text8        000000
__Ltext9                   text9        000000
__S0                       (abs)        008000
__S1                       (abs)        000273
__S2                       (abs)        000000
__S4                       (abs)        000000
__S5                       (abs)        000000
___fladd                   text5        000F80
___fladd@a                 cstackBANK0  0000AB
___fladd@aexp              cstackBANK0  0000B4
___fladd@b                 cstackBANK0  0000A7
___fladd@bexp              cstackBANK0  0000B5
___fladd@grs               cstackBANK0  0000B6
___fladd@signs             cstackBANK0  0000B3
___fldiv                   text4        00187A
___fldiv@a                 cstackBANK0  000092
___fldiv@aexp              cstackBANK0  0000A6
___fldiv@b                 cstackBANK0  00008E
___fldiv@bexp              cstackBANK0  0000A5
___fldiv@grs               cstackBANK0  0000A1
___fldiv@new_exp           cstackBANK0  00009F
___fldiv@rem               cstackBANK0  00009A
___fldiv@sign              cstackBANK0  00009E
___fltol                   text3        00243C
___fltol@exp1              cstackBANK0  000089
___fltol@f1                cstackBANK0  000080
___fltol@sign1             cstackBANK0  000088
___inthi_sp                stack        000000
___intlo_sp                stack        000000
___lodiv                   text24       002544
___lodiv@counter           cstackCOMRAM 000019
___lodiv@dividend          cstackCOMRAM 000001
___lodiv@divisor           cstackCOMRAM 000009
___lodiv@quotient          cstackCOMRAM 000011
___lomod                   text23       002634
___lomod@counter           cstackCOMRAM 000011
___lomod@dividend          cstackCOMRAM 000001
___lomod@divisor           cstackCOMRAM 000009
___param_bank              (abs)        000000
___rparam_used             (abs)        000001
___sp                      stack        000000
___wmul                    text28       002E98
___wmul@multiplicand       cstackCOMRAM 000003
___wmul@multiplier         cstackCOMRAM 000001
___wmul@product            cstackCOMRAM 000005
___xxtofl                  text2        0020F4
___xxtofl@arg              cstackBANK0  00008A
___xxtofl@exp              cstackBANK0  000089
___xxtofl@sign             cstackBANK0  000088
___xxtofl@val              cstackBANK0  000080
__accesstop                (abs)        000080
__activetblptr             (abs)        000002
__end_of_USART_EnviaMsg    text6        002AF0
__end_of_USART_Init        text1        0029FA
__end_of___fladd           text5        001442
__end_of___fldiv           text4        001C16
__end_of___fltol           text3        002544
__end_of___lodiv           text24       002634
__end_of___lomod           text23       002704
__end_of___wmul            text28       002EBE
__end_of___xxtofl          text2        0022AC
__end_of__initialization   cinit        002A72
__end_of_atoi              text25       00243C
__end_of_fputc             text21       00289E
__end_of_fputs             text20       002D7E
__end_of_isalpha           text16       002DBA
__end_of_isdigit           text27       002E62
__end_of_islower           text14       002DF2
__end_of_isr               intcode_body 000F80
__end_of_isspace           text26       002D3A
__end_of_isupper           text15       002E2A
__end_of_main              text0        00090A
__end_of_pad               text18       002964
__end_of_putch             text22       002EC6
__end_of_sprintf           text9        002C8A
__end_of_strlen            text19       002E98
__end_of_toupper           text13       002CE8
__end_of_utoa              text17       0020F4
__end_of_vfpfcnvrt         text11       00187A
__end_of_vfprintf          text10       002C2C
__end_of_xtoa              text12       001EF0
__end_ofi2_USART_EnviaMsg  text8        002B5E
__initialization           cinit        0029FA
__mediumconst              mediumconst  007E3A
__pbssBANK0                bssBANK0     0000C5
__pbssBANK1                bssBANK1     0001CF
__pcinit                   cinit        0029FA
__pcstackBANK0             cstackBANK0  000080
__pcstackCOMRAM            cstackCOMRAM 000001
__pdataBANK0               dataBANK0    0000FA
__pdataBANK1               dataBANK1    000100
__pdataBANK2               dataBANK2    000200
__pidataBANK0              idataBANK0   002EBE
__pidataBANK1              idataBANK1   002704
__pidataBANK2              idataBANK2   002B5E
__pintcode                 intcode      000008
__pintcode_body            intcode_body 00090A
__pmediumconst             mediumconst  007E3A
__pnvBANK0                 nvBANK0      0000F2
__pnvBANK1                 nvBANK1      0001EF
__pnvBANK2                 nvBANK2      00026B
__ptext0                   text0        000012
__ptext1                   text1        002964
__ptext10                  text10       002BCA
__ptext11                  text11       001442
__ptext12                  text12       001C16
__ptext13                  text13       002C8A
__ptext14                  text14       002DBA
__ptext15                  text15       002DF2
__ptext16                  text16       002D7E
__ptext17                  text17       001EF0
__ptext18                  text18       00289E
__ptext19                  text19       002E62
__ptext2                   text2        0020F4
__ptext20                  text20       002D3A
__ptext21                  text21       0027D4
__ptext22                  text22       002EC4
__ptext23                  text23       002634
__ptext24                  text24       002544
__ptext25                  text25       0022AC
__ptext26                  text26       002CE8
__ptext27                  text27       002E2A
__ptext28                  text28       002E98
__ptext3                   text3        00243C
__ptext4                   text4        00187A
__ptext5                   text5        000F80
__ptext6                   text6        002A80
__ptext8                   text8        002AF0
__ptext9                   text9        002C2C
__ramtop                   ramtop       000600
__size_of_USART_EnviaMsg   (abs)        000000
__size_of_USART_Init       (abs)        000000
__size_of___fladd          (abs)        000000
__size_of___fldiv          (abs)        000000
__size_of___fltol          (abs)        000000
__size_of___lodiv          (abs)        000000
__size_of___lomod          (abs)        000000
__size_of___wmul           (abs)        000000
__size_of___xxtofl         (abs)        000000
__size_of_atoi             (abs)        000000
__size_of_fputc            (abs)        000000
__size_of_fputs            (abs)        000000
__size_of_isalpha          (abs)        000000
__size_of_isdigit          (abs)        000000
__size_of_islower          (abs)        000000
__size_of_isr              (abs)        000000
__size_of_isspace          (abs)        000000
__size_of_isupper          (abs)        000000
__size_of_main             (abs)        000000
__size_of_pad              (abs)        000000
__size_of_putch            (abs)        000000
__size_of_sprintf          (abs)        000000
__size_of_strlen           (abs)        000000
__size_of_toupper          (abs)        000000
__size_of_utoa             (abs)        000000
__size_of_vfpfcnvrt        (abs)        000000
__size_of_vfprintf         (abs)        000000
__size_of_xtoa             (abs)        000000
__size_ofi2_USART_EnviaMsg (abs)        000000
__smallconst               smallconst   000000
_atoi                      text25       0022AC
_atoi$979                  cstackCOMRAM 000010
_atoi$980                  cstackCOMRAM 000014
_atoi$981                  cstackCOMRAM 000012
_dbuf                      bssBANK1     0001CF
_flags                     bssBANK0     0000CB
_fputc                     text21       0027D4
_fputs                     text20       002D3A
_isalpha                   text16       002D7E
_isdigit                   text27       002E2A
_islower                   text14       002DBA
_isr                       intcode      000008
_isspace                   text26       002CE8
_isspace$1006              cstackCOMRAM 000007
_isupper                   text15       002DF2
_main                      text0        000012
_nout                      bssBANK0     0000C5
_pad                       text18       00289E
_prec                      bssBANK0     0000C9
_putch                     text22       002EC4
_sprintf                   text9        002C2C
_strlen                    text19       002E62
_toupper                   text13       002C8A
_toupper$1061              cstackCOMRAM 00000D
_txt                       bssBANK0     0000ED
_utoa                      text17       001EF0
_vfpfcnvrt                 text11       001442
_vfpfcnvrt$960             cstackCOMRAM 00004F
_vfprintf                  text10       002BCA
_width                     bssBANK0     0000C7
_xtoa                      text12       001C16
_xtoa$945                  cstackCOMRAM 00002F
_xtoa$946                  cstackCOMRAM 000031
atoi@n                     cstackCOMRAM 000015
atoi@neg                   cstackCOMRAM 00000E
atoi@s                     cstackCOMRAM 000008
btemp                      temp         00007F
end_of_initialization      cinit        002A72
fputc@c                    cstackCOMRAM 000001
fputc@fp                   cstackCOMRAM 000003
fputs@c                    cstackCOMRAM 00000E
fputs@fp                   cstackCOMRAM 00000C
fputs@i                    cstackCOMRAM 00000F
fputs@s                    cstackCOMRAM 00000A
i2USART_EnviaMsg@letraout  cstackCOMRAM 000003
i2USART_EnviaMsg@msgout    cstackCOMRAM 000001
i2_USART_EnviaMsg          text8        002AF0
int$flags                  temp         00007F
int_func                   intcode_body 00090A
intlevel0                  text         000000
intlevel1                  text         000000
intlevel2                  text         000000
intlevel3                  text         000000
isa$std                    (abs)        000001
isa$xinst                  (abs)        000000
isalpha@c                  cstackCOMRAM 000001
isdigit@c                  cstackCOMRAM 000001
islower@c                  cstackCOMRAM 000001
isr@letrain                cstackCOMRAM 00007E
isspace@c                  cstackCOMRAM 000001
isupper@c                  cstackCOMRAM 000001
main@i                     cstackBANK0  0000C3
pad@buf                    cstackCOMRAM 000013
pad@fp                     cstackCOMRAM 000011
pad@i                      cstackCOMRAM 000018
pad@p                      cstackCOMRAM 000015
pad@w                      cstackCOMRAM 00001A
sprintf@ap                 cstackCOMRAM 00006A
sprintf@f                  cstackCOMRAM 00006C
sprintf@fmt                cstackCOMRAM 000064
sprintf@ret                cstackCOMRAM 000068
sprintf@s                  cstackCOMRAM 000062
stackhi                    (abs)        0005FF
stacklo                    (abs)        000273
start                      init         00000E
start_initialization       cinit        0029FA
strlen@a                   cstackCOMRAM 000003
strlen@s                   cstackCOMRAM 000001
toupper@c                  cstackCOMRAM 000007
ttemp5                     temp         000080
ttemp6                     temp         000083
ttemp7                     temp         000087
utoa@d                     cstackCOMRAM 00001E
utoa@fp                    cstackCOMRAM 00001C
utoa@i                     cstackCOMRAM 00003A
utoa@n                     cstackCOMRAM 000032
utoa@p                     cstackCOMRAM 00002E
utoa@w                     cstackCOMRAM 000030
vfpfcnvrt@ap               cstackCOMRAM 000047
vfpfcnvrt@c                cstackCOMRAM 000051
vfpfcnvrt@done             cstackCOMRAM 00004D
vfpfcnvrt@fmt              cstackCOMRAM 000045
vfpfcnvrt@fp               cstackCOMRAM 000043
vfpfcnvrt@llu              cstackCOMRAM 000052
vfprintf@ap                cstackCOMRAM 00005E
vfprintf@cfmt              cstackCOMRAM 000060
vfprintf@fmt               cstackCOMRAM 00005C
vfprintf@fp                cstackCOMRAM 00005A
wtemp8                     temp         000080
xtoa@c                     cstackCOMRAM 000041
xtoa@d                     cstackCOMRAM 00001E
xtoa@fp                    cstackCOMRAM 00001C
xtoa@i                     cstackCOMRAM 00003F
xtoa@n                     cstackCOMRAM 000037
xtoa@p                     cstackCOMRAM 000033
xtoa@w                     cstackCOMRAM 000035
xtoa@x                     cstackCOMRAM 000026


MODULE INFORMATION

Module		Function		Class		Link	Load	Size
C:\Program Files\Microchip\xc8\v2.32\pic\sources\c99\common\nf_sprintf.c
		_sprintf       		CODE           	2C2C	0000	94

C:\Program Files\Microchip\xc8\v2.32\pic\sources\c99\common\nf_sprintf.c estimated size: 94

C:\Program Files\Microchip\xc8\v2.32\pic\sources\c99\common\isdigit.c
		_isdigit       		CODE           	2E2A	0000	56

C:\Program Files\Microchip\xc8\v2.32\pic\sources\c99\common\isdigit.c estimated size: 56

C:\Program Files\Microchip\xc8\v2.32\pic\sources\c99\common\sprcadd.c
		___fladd       		CODE           	0F80	0000	1218

C:\Program Files\Microchip\xc8\v2.32\pic\sources\c99\common\sprcadd.c estimated size: 1218

C:\Program Files\Microchip\xc8\v2.32\pic\sources\c99\common\doprnt.c
		_vfpfcnvrt     		CODE           	1442	0000	1080
		_pad           		CODE           	289E	0000	198
		_vfprintf      		CODE           	2BCA	0000	98
		_utoa          		CODE           	1EF0	0000	516
		_xtoa          		CODE           	1C16	0000	730

C:\Program Files\Microchip\xc8\v2.32\pic\sources\c99\common\doprnt.c estimated size: 2622

glory.c
		_main          		CODE           	0012	0000	2296
		_USART_EnviaMsg		CODE           	2A80	0000	112
		_isr           		CODE           	0008	0000	1660
		_USART_Init    		CODE           	2964	0000	150

glory.c estimated size: 4218

C:\Program Files\Microchip\xc8\v2.32\pic\sources\c99\common\lomod.c
		___lomod       		CODE           	2634	0000	208

C:\Program Files\Microchip\xc8\v2.32\pic\sources\c99\common\lomod.c estimated size: 208

C:\Program Files\Microchip\xc8\v2.32\pic\sources\c99\common\atoi.c
		_atoi          		CODE           	22AC	0000	400

C:\Program Files\Microchip\xc8\v2.32\pic\sources\c99\common\atoi.c estimated size: 400

C:\Program Files\Microchip\xc8\v2.32\pic\sources\c99\common\nf_fputs.c
		_fputs         		CODE           	2D3A	0000	68

C:\Program Files\Microchip\xc8\v2.32\pic\sources\c99\common\nf_fputs.c estimated size: 68

C:\Program Files\Microchip\xc8\v2.32\pic\sources\c99\common\putch.c
		_putch         		CODE           	2EC4	0000	2

C:\Program Files\Microchip\xc8\v2.32\pic\sources\c99\common\putch.c estimated size: 2

C:\Program Files\Microchip\xc8\v2.32\pic\sources\c99\common\isupper.c
		_isupper       		CODE           	2DF2	0000	56

C:\Program Files\Microchip\xc8\v2.32\pic\sources\c99\common\isupper.c estimated size: 56

C:\Program Files\Microchip\xc8\v2.32\pic\sources\c99\common\Umul16.c
		___wmul        		CODE           	2E98	0000	38

C:\Program Files\Microchip\xc8\v2.32\pic\sources\c99\common\Umul16.c estimated size: 38

C:\Program Files\Microchip\xc8\v2.32\pic\sources\c99\common\isspace.c
		_isspace       		CODE           	2CE8	0000	82

C:\Program Files\Microchip\xc8\v2.32\pic\sources\c99\common\isspace.c estimated size: 82

C:\Program Files\Microchip\xc8\v2.32\pic\sources\c99\common\islower.c
		_islower       		CODE           	2DBA	0000	56

C:\Program Files\Microchip\xc8\v2.32\pic\sources\c99\common\islower.c estimated size: 56

C:\Program Files\Microchip\xc8\v2.32\pic\sources\c99\common\lodiv.c
		___lodiv       		CODE           	2544	0000	240

C:\Program Files\Microchip\xc8\v2.32\pic\sources\c99\common\lodiv.c estimated size: 240

shared
		__initialization		CODE           	29FA	0000	120
		i2_USART_EnviaMsg		CODE           	2AF0	0000	110

shared estimated size: 230

C:\Program Files\Microchip\xc8\v2.32\pic\sources\c99\common\sprcdiv.c
		___fldiv       		CODE           	187A	0000	924

C:\Program Files\Microchip\xc8\v2.32\pic\sources\c99\common\sprcdiv.c estimated size: 924

C:\Program Files\Microchip\xc8\v2.32\pic\sources\c99\common\toupper.c
		_toupper       		CODE           	2C8A	0000	94

C:\Program Files\Microchip\xc8\v2.32\pic\sources\c99\common\toupper.c estimated size: 94

C:\Program Files\Microchip\xc8\v2.32\pic\sources\c99\common\isalpha.c
		_isalpha       		CODE           	2D7E	0000	60

C:\Program Files\Microchip\xc8\v2.32\pic\sources\c99\common\isalpha.c estimated size: 60

C:\Program Files\Microchip\xc8\v2.32\pic\sources\c99\common\fltol.c
		___fltol       		CODE           	243C	0000	264

C:\Program Files\Microchip\xc8\v2.32\pic\sources\c99\common\fltol.c estimated size: 264

C:\Program Files\Microchip\xc8\v2.32\pic\sources\c99\common\xxtofl.c
		___xxtofl      		CODE           	20F4	0000	440

C:\Program Files\Microchip\xc8\v2.32\pic\sources\c99\common\xxtofl.c estimated size: 440

C:\Program Files\Microchip\xc8\v2.32\pic\sources\c99\common\nf_fputc.c
		_fputc         		CODE           	27D4	0000	202

C:\Program Files\Microchip\xc8\v2.32\pic\sources\c99\common\nf_fputc.c estimated size: 202

C:\Program Files\Microchip\xc8\v2.32\pic\sources\c99\common\strlen.c
		_strlen        		CODE           	2E62	0000	54

C:\Program Files\Microchip\xc8\v2.32\pic\sources\c99\common\strlen.c estimated size: 54

